
> topic-similarity-backend@1.0.0 dev
> nodemon src/server.js

[33m[nodemon] 3.0.2[39m
[33m[nodemon] to restart at any time, enter `rs`[39m
[33m[nodemon] watching path(s): *.*[39m
[33m[nodemon] watching extensions: js,mjs,cjs,json[39m
[32m[nodemon] starting `node src/server.js`[39m
Server is running on port 3000
Environment: development
API Version: v1
